
> mobile@1.0.0 lint C:\vloume d\laptopmitra\apps\mobile
> eslint . --ext .ts,.tsx


C:\vloume d\laptopmitra\apps\mobile\src\components\OfflineBanner.tsx
  30:6  warning  React Hook React.useEffect has missing dependencies: 'hideBanner' and 'showBanner'. Either include them or remove the dependency array  react-hooks/exhaustive-deps

C:\vloume d\laptopmitra\apps\mobile\src\hooks\useApi.ts
   8:53  warning  Unexpected any. Specify a different type  @typescript-eslint/no-explicit-any
  81:25  warning  Unexpected any. Specify a different type  @typescript-eslint/no-explicit-any

C:\vloume d\laptopmitra\apps\mobile\src\providers\QueryProvider.tsx
  9:36  warning  Unexpected any. Specify a different type  @typescript-eslint/no-explicit-any

C:\vloume d\laptopmitra\apps\mobile\src\screens\auth\ForgotPasswordScreen.tsx
  78:31  warning  Unexpected any. Specify a different type  @typescript-eslint/no-explicit-any

C:\vloume d\laptopmitra\apps\mobile\src\screens\auth\LoginScreen.tsx
  37:82  warning  Unexpected any. Specify a different type  @typescript-eslint/no-explicit-any
  72:31  warning  Unexpected any. Specify a different type  @typescript-eslint/no-explicit-any
  90:31  warning  Unexpected any. Specify a different type  @typescript-eslint/no-explicit-any

C:\vloume d\laptopmitra\apps\mobile\src\screens\auth\OTPVerificationScreen.tsx
  89:31  warning  Unexpected any. Specify a different type  @typescript-eslint/no-explicit-any

C:\vloume d\laptopmitra\apps\mobile\src\screens\auth\RegisterScreen.tsx
   57:82  warning  Unexpected any. Specify a different type  @typescript-eslint/no-explicit-any
   90:31  warning  Unexpected any. Specify a different type  @typescript-eslint/no-explicit-any
  104:31  warning  Unexpected any. Specify a different type  @typescript-eslint/no-explicit-any
  118:31  warning  Unexpected any. Specify a different type  @typescript-eslint/no-explicit-any
  131:31  warning  Unexpected any. Specify a different type  @typescript-eslint/no-explicit-any
  144:31  warning  Unexpected any. Specify a different type  @typescript-eslint/no-explicit-any

C:\vloume d\laptopmitra\apps\mobile\src\screens\auth\ResetPasswordScreen.tsx
   90:31  warning  Unexpected any. Specify a different type  @typescript-eslint/no-explicit-any
  103:31  warning  Unexpected any. Specify a different type  @typescript-eslint/no-explicit-any

C:\vloume d\laptopmitra\apps\mobile\src\utils\storage.ts
  23:42  warning  Unexpected any. Specify a different type  @typescript-eslint/no-explicit-any
  33:37  warning  Unexpected any. Specify a different type  @typescript-eslint/no-explicit-any

✖ 19 problems (0 errors, 19 warnings)

