[     103ms] [LOG] [Fast Refresh] done in 752ms @ http://localhost:3000/_next/static/chunks/04rn_next_dist_07rmup6._.js:776
[     620ms] [INFO] %cDownload the React DevTools for a better development experience: https://react.dev/link/react-devtools font-weight:bold @ http://localhost:3000/_next/static/chunks/04rn_next_dist_07rmup6._.js:776
[     683ms] [LOG] [HMR] connected @ http://localhost:3000/_next/static/chunks/04rn_next_dist_07rmup6._.js:776
[    1169ms] [ERROR] Failed to load resource: net::ERR_CONNECTION_REFUSED @ http://localhost:3001/products?limit=12:0
[    1261ms] [ERROR] Failed to load resource: net::ERR_CONNECTION_REFUSED @ http://localhost:3001/products?limit=12:0
[   92285ms] [LOG] [Fast Refresh] rebuilding @ http://localhost:3000/_next/static/chunks/04rn_next_dist_07rmup6._.js:776
[   92676ms] [LOG] [Fast Refresh] done in 480ms @ http://localhost:3000/_next/static/chunks/04rn_next_dist_07rmup6._.js:776
[   92780ms] [LOG] [Fast Refresh] done in 480ms @ http://localhost:3000/_next/static/chunks/04rn_next_dist_07rmup6._.js:776
[  106386ms] [LOG] [Fast Refresh] rebuilding @ http://localhost:3000/_next/static/chunks/04rn_next_dist_07rmup6._.js:776
[  106634ms] [LOG] [Fast Refresh] done in 316ms @ http://localhost:3000/_next/static/chunks/04rn_next_dist_07rmup6._.js:776
[  106648ms] [LOG] [Fast Refresh] done in 316ms @ http://localhost:3000/_next/static/chunks/04rn_next_dist_07rmup6._.js:776
[  129104ms] [LOG] [Fast Refresh] rebuilding @ http://localhost:3000/_next/static/chunks/04rn_next_dist_07rmup6._.js:776
[  129389ms] [LOG] [Fast Refresh] done in 395ms @ http://localhost:3000/_next/static/chunks/04rn_next_dist_07rmup6._.js:776
[  137199ms] [LOG] [Fast Refresh] rebuilding @ http://localhost:3000/_next/static/chunks/04rn_next_dist_07rmup6._.js:776
[  137521ms] [LOG] [Fast Refresh] done in 307ms @ http://localhost:3000/_next/static/chunks/04rn_next_dist_07rmup6._.js:776
[  137533ms] [LOG] [Fast Refresh] done in 307ms @ http://localhost:3000/_next/static/chunks/04rn_next_dist_07rmup6._.js:776
[  160255ms] [LOG] [Fast Refresh] rebuilding @ http://localhost:3000/_next/static/chunks/04rn_next_dist_07rmup6._.js:776
[  160741ms] [LOG] [Fast Refresh] done in 575ms @ http://localhost:3000/_next/static/chunks/04rn_next_dist_07rmup6._.js:776
[  161097ms] [LOG] [Fast Refresh] rebuilding @ http://localhost:3000/_next/static/chunks/04rn_next_dist_07rmup6._.js:776
[  161181ms] [LOG] [Fast Refresh] done in 188ms @ http://localhost:3000/_next/static/chunks/04rn_next_dist_07rmup6._.js:776
[ 2246962ms] [LOG] [Fast Refresh] rebuilding @ http://localhost:3000/_next/static/chunks/04rn_next_dist_07rmup6._.js:776
[ 2248211ms] [LOG] [Fast Refresh] done in 1033ms @ http://localhost:3000/_next/static/chunks/04rn_next_dist_07rmup6._.js:776
[ 2248500ms] [LOG] [Fast Refresh] rebuilding @ http://localhost:3000/_next/static/chunks/04rn_next_dist_07rmup6._.js:776
[ 2248747ms] [LOG] [Fast Refresh] done in 353ms @ http://localhost:3000/_next/static/chunks/04rn_next_dist_07rmup6._.js:776
[ 2270154ms] [LOG] [Fast Refresh] rebuilding @ http://localhost:3000/_next/static/chunks/04rn_next_dist_07rmup6._.js:776
[ 2270744ms] [LOG] [Fast Refresh] done in 691ms @ http://localhost:3000/_next/static/chunks/04rn_next_dist_07rmup6._.js:776
[ 2271000ms] [LOG] [Fast Refresh] done in 691ms @ http://localhost:3000/_next/static/chunks/04rn_next_dist_07rmup6._.js:776
[ 2271027ms] [LOG] [Fast Refresh] done in 691ms @ http://localhost:3000/_next/static/chunks/04rn_next_dist_07rmup6._.js:776
[ 2284369ms] [LOG] [Fast Refresh] done in 691ms @ http://localhost:3000/_next/static/chunks/04rn_next_dist_07rmup6._.js:776
[ 2294990ms] [LOG] [Fast Refresh] done in 691ms @ http://localhost:3000/_next/static/chunks/04rn_next_dist_07rmup6._.js:776
[ 2375512ms] [LOG] [Fast Refresh] done in 691ms @ http://localhost:3000/_next/static/chunks/04rn_next_dist_07rmup6._.js:776
[ 2410800ms] [LOG] [Fast Refresh] done in 691ms @ http://localhost:3000/_next/static/chunks/04rn_next_dist_07rmup6._.js:776
[ 2410878ms] [LOG] [Fast Refresh] done in 691ms @ http://localhost:3000/_next/static/chunks/04rn_next_dist_07rmup6._.js:776
[ 2410940ms] [LOG] [Fast Refresh] done in 691ms @ http://localhost:3000/_next/static/chunks/04rn_next_dist_07rmup6._.js:776
[ 2411127ms] [LOG] [Fast Refresh] done in 691ms @ http://localhost:3000/_next/static/chunks/04rn_next_dist_07rmup6._.js:776
[ 2474439ms] [LOG] [Fast Refresh] rebuilding @ http://localhost:3000/_next/static/chunks/04rn_next_dist_07rmup6._.js:776
[ 2475304ms] [LOG] [Fast Refresh] done in 911ms @ http://localhost:3000/_next/static/chunks/04rn_next_dist_07rmup6._.js:776
[ 2486747ms] [LOG] [Fast Refresh] rebuilding @ http://localhost:3000/_next/static/chunks/04rn_next_dist_07rmup6._.js:776
[ 2486861ms] [LOG] [Fast Refresh] done in 175ms @ http://localhost:3000/_next/static/chunks/04rn_next_dist_07rmup6._.js:776
[ 2486938ms] [LOG] [Fast Refresh] done in 175ms @ http://localhost:3000/_next/static/chunks/04rn_next_dist_07rmup6._.js:776
